// Jest Snapshot v1, https://goo.gl/fbAQLP

exports[`<Clock /> when given minutes and seconds (TestRenderer) renders properly 1`] = `
<h2
  className="Clock "
>
  Pozosta≈Ço 
  20
  :
  40
</h2>
`;
